// Jest Snapshot v1, https://goo.gl/fbAQLP

exports[`app test check elems 1`] = `
<input
  placeholder="input value....."
  type="text"
/>
`;
